Archive member included to satisfy reference by file (symbol)

C:/ST/STM32CubeIDE_1.17.0/STM32CubeIDE/plugins/com.st.stm32cube.ide.mcu.externaltools.gnu-tools-for-stm32.13.3.rel1.win32_1.0.0.202411081344/tools/bin/../lib/gcc/arm-none-eabi/13.3.1/../../../../arm-none-eabi/lib/thumb/v7e-m+fp/hard\libc_nano.a(libc_a-exit.o)
                              C:/ST/STM32CubeIDE_1.17.0/STM32CubeIDE/plugins/com.st.stm32cube.ide.mcu.externaltools.gnu-tools-for-stm32.13.3.rel1.win32_1.0.0.202411081344/tools/bin/../lib/gcc/arm-none-eabi/13.3.1/../../../../arm-none-eabi/lib/thumb/v7e-m+fp/hard/crt0.o (exit)
C:/ST/STM32CubeIDE_1.17.0/STM32CubeIDE/plugins/com.st.stm32cube.ide.mcu.externaltools.gnu-tools-for-stm32.13.3.rel1.win32_1.0.0.202411081344/tools/bin/../lib/gcc/arm-none-eabi/13.3.1/../../../../arm-none-eabi/lib/thumb/v7e-m+fp/hard\libc_nano.a(libc_a-findfp.o)
                              C:/ST/STM32CubeIDE_1.17.0/STM32CubeIDE/plugins/com.st.stm32cube.ide.mcu.externaltools.gnu-tools-for-stm32.13.3.rel1.win32_1.0.0.202411081344/tools/bin/../lib/gcc/arm-none-eabi/13.3.1/../../../../arm-none-eabi/lib/thumb/v7e-m+fp/hard\libc_nano.a(libc_a-exit.o) (__stdio_exit_handler)
C:/ST/STM32CubeIDE_1.17.0/STM32CubeIDE/plugins/com.st.stm32cube.ide.mcu.externaltools.gnu-tools-for-stm32.13.3.rel1.win32_1.0.0.202411081344/tools/bin/../lib/gcc/arm-none-eabi/13.3.1/../../../../arm-none-eabi/lib/thumb/v7e-m+fp/hard\libc_nano.a(libc_a-fwalk.o)
                              C:/ST/STM32CubeIDE_1.17.0/STM32CubeIDE/plugins/com.st.stm32cube.ide.mcu.externaltools.gnu-tools-for-stm32.13.3.rel1.win32_1.0.0.202411081344/tools/bin/../lib/gcc/arm-none-eabi/13.3.1/../../../../arm-none-eabi/lib/thumb/v7e-m+fp/hard\libc_nano.a(libc_a-findfp.o) (_fwalk_sglue)
C:/ST/STM32CubeIDE_1.17.0/STM32CubeIDE/plugins/com.st.stm32cube.ide.mcu.externaltools.gnu-tools-for-stm32.13.3.rel1.win32_1.0.0.202411081344/tools/bin/../lib/gcc/arm-none-eabi/13.3.1/../../../../arm-none-eabi/lib/thumb/v7e-m+fp/hard\libc_nano.a(libc_a-stdio.o)
                              C:/ST/STM32CubeIDE_1.17.0/STM32CubeIDE/plugins/com.st.stm32cube.ide.mcu.externaltools.gnu-tools-for-stm32.13.3.rel1.win32_1.0.0.202411081344/tools/bin/../lib/gcc/arm-none-eabi/13.3.1/../../../../arm-none-eabi/lib/thumb/v7e-m+fp/hard\libc_nano.a(libc_a-findfp.o) (__sread)
C:/ST/STM32CubeIDE_1.17.0/STM32CubeIDE/plugins/com.st.stm32cube.ide.mcu.externaltools.gnu-tools-for-stm32.13.3.rel1.win32_1.0.0.202411081344/tools/bin/../lib/gcc/arm-none-eabi/13.3.1/../../../../arm-none-eabi/lib/thumb/v7e-m+fp/hard\libc_nano.a(libc_a-memset.o)
                              C:/ST/STM32CubeIDE_1.17.0/STM32CubeIDE/plugins/com.st.stm32cube.ide.mcu.externaltools.gnu-tools-for-stm32.13.3.rel1.win32_1.0.0.202411081344/tools/bin/../lib/gcc/arm-none-eabi/13.3.1/../../../../arm-none-eabi/lib/thumb/v7e-m+fp/hard/crt0.o (memset)
C:/ST/STM32CubeIDE_1.17.0/STM32CubeIDE/plugins/com.st.stm32cube.ide.mcu.externaltools.gnu-tools-for-stm32.13.3.rel1.win32_1.0.0.202411081344/tools/bin/../lib/gcc/arm-none-eabi/13.3.1/../../../../arm-none-eabi/lib/thumb/v7e-m+fp/hard\libc_nano.a(libc_a-closer.o)
                              C:/ST/STM32CubeIDE_1.17.0/STM32CubeIDE/plugins/com.st.stm32cube.ide.mcu.externaltools.gnu-tools-for-stm32.13.3.rel1.win32_1.0.0.202411081344/tools/bin/../lib/gcc/arm-none-eabi/13.3.1/../../../../arm-none-eabi/lib/thumb/v7e-m+fp/hard\libc_nano.a(libc_a-stdio.o) (_close_r)
C:/ST/STM32CubeIDE_1.17.0/STM32CubeIDE/plugins/com.st.stm32cube.ide.mcu.externaltools.gnu-tools-for-stm32.13.3.rel1.win32_1.0.0.202411081344/tools/bin/../lib/gcc/arm-none-eabi/13.3.1/../../../../arm-none-eabi/lib/thumb/v7e-m+fp/hard\libc_nano.a(libc_a-reent.o)
                              C:/ST/STM32CubeIDE_1.17.0/STM32CubeIDE/plugins/com.st.stm32cube.ide.mcu.externaltools.gnu-tools-for-stm32.13.3.rel1.win32_1.0.0.202411081344/tools/bin/../lib/gcc/arm-none-eabi/13.3.1/../../../../arm-none-eabi/lib/thumb/v7e-m+fp/hard\libc_nano.a(libc_a-closer.o) (errno)
C:/ST/STM32CubeIDE_1.17.0/STM32CubeIDE/plugins/com.st.stm32cube.ide.mcu.externaltools.gnu-tools-for-stm32.13.3.rel1.win32_1.0.0.202411081344/tools/bin/../lib/gcc/arm-none-eabi/13.3.1/../../../../arm-none-eabi/lib/thumb/v7e-m+fp/hard\libc_nano.a(libc_a-impure.o)
                              C:/ST/STM32CubeIDE_1.17.0/STM32CubeIDE/plugins/com.st.stm32cube.ide.mcu.externaltools.gnu-tools-for-stm32.13.3.rel1.win32_1.0.0.202411081344/tools/bin/../lib/gcc/arm-none-eabi/13.3.1/../../../../arm-none-eabi/lib/thumb/v7e-m+fp/hard\libc_nano.a(libc_a-reent.o) (_impure_ptr)
C:/ST/STM32CubeIDE_1.17.0/STM32CubeIDE/plugins/com.st.stm32cube.ide.mcu.externaltools.gnu-tools-for-stm32.13.3.rel1.win32_1.0.0.202411081344/tools/bin/../lib/gcc/arm-none-eabi/13.3.1/../../../../arm-none-eabi/lib/thumb/v7e-m+fp/hard\libc_nano.a(libc_a-lseekr.o)
[...]
Memory Configuration

Name             Origin             Length             Attributes
CCMRAM           0x10000000         0x00010000         xrw
RAM              0x20000000         0x00020000         xrw
FLASH            0x08000000         0x00100000         xr
*default*        0x00000000         0xffffffff

Linker script and memory map

LOAD C:/ST/STM32CubeIDE_1.17.0/STM32CubeIDE/plugins/com.st.stm32cube.ide.mcu.externaltools.gnu-tools-for-stm32.13.3.rel1.win32_1.0.0.202411081344/tools/bin/../lib/gcc/arm-none-eabi/13.3.1/thumb/v7e-m+fp/hard/crti.o
LOAD C:/ST/STM32CubeIDE_1.17.0/STM32CubeIDE/plugins/com.st.stm32cube.ide.mcu.externaltools.gnu-tools-for-stm32.13.3.rel1.win32_1.0.0.202411081344/tools/bin/../lib/gcc/arm-none-eabi/13.3.1/thumb/v7e-m+fp/hard/crtbegin.o
LOAD C:/ST/STM32CubeIDE_1.17.0/STM32CubeIDE/plugins/com.st.stm32cube.ide.mcu.externaltools.gnu-tools-for-stm32.13.3.rel1.win32_1.0.0.202411081344/tools/bin/../lib/gcc/arm-none-eabi/13.3.1/../../../../arm-none-eabi/lib/thumb/v7e-m+fp/hard/crt0.o
LOAD ./Drivers/Src/stm32f407xx_RCC_driver.o
LOAD ./Drivers/Src/stm32f407xx_USART_driver.o
LOAD ./Drivers/Src/stm32f407xx_gpio_driver.o
LOAD ./Drivers/Src/stm32f407xx_i2c_driver.o
LOAD ./Drivers/Src/stm32f407xx_spi_driver.o
LOAD ./Src/LIN/lin_hal.o
LOAD ./Src/LIN/lin_protocol.o
LOAD ./Src/LIN/main.o
LOAD ./Src/syscalls.o
LOAD ./Src/sysmem.o
LOAD ./Startup/startup_stm32f407vgtx.o
START GROUP
LOAD C:/ST/STM32CubeIDE_1.17.0/STM32CubeIDE/plugins/com.st.stm32cube.ide.mcu.externaltools.gnu-tools-for-stm32.13.3.rel1.win32_1.0.0.202411081344/tools/bin/../lib/gcc/arm-none-eabi/13.3.1/../../../../arm-none-eabi/lib/thumb/v7e-m+fp/hard\libc_nano.a
LOAD C:/ST/STM32CubeIDE_1.17.0/STM32CubeIDE/plugins/com.st.stm32cube.ide.mcu.externaltools.gnu-tools-for-stm32.13.3.rel1.win32_1.0.0.202411081344/tools/bin/../lib/gcc/arm-none-eabi/13.3.1/../../../../arm-none-eabi/lib/thumb/v7e-m+fp/hard\libm.a
END GROUP
START GROUP
LOAD C:/ST/STM32CubeIDE_1.17.0/STM32CubeIDE/plugins/com.st.stm32cube.ide.mcu.externaltools.gnu-tools-for-stm32.13.3.rel1.win32_1.0.0.202411081344/tools/bin/../lib/gcc/arm-none-eabi/13.3.1/thumb/v7e-m+fp/hard\libgcc.a
LOAD C:/ST/STM32CubeIDE_1.17.0/STM32CubeIDE/plugins/com.st.stm32cube.ide.mcu.externaltools.gnu-tools-for-stm32.13.3.rel1.win32_1.0.0.202411081344/tools/bin/../lib/gcc/arm-none-eabi/13.3.1/../../../../arm-none-eabi/lib/thumb/v7e-m+fp/hard\libc_nano.a
END GROUP
START GROUP
LOAD C:/ST/STM32CubeIDE_1.17.0/STM32CubeIDE/plugins/com.st.stm32cube.ide.mcu.externaltools.gnu-tools-for-stm32.13.3.rel1.win32_1.0.0.202411081344/tools/bin/../lib/gcc/arm-none-eabi/13.3.1/thumb/v7e-m+fp/hard\libgcc.a
LOAD C:/ST/STM32CubeIDE_1.17.0/STM32CubeIDE/plugins/com.st.stm32cube.ide.mcu.externaltools.gnu-tools-for-stm32.13.3.rel1.win32_1.0.0.202411081344/tools/bin/../lib/gcc/arm-none-eabi/13.3.1/../../../../arm-none-eabi/lib/thumb/v7e-m+fp/hard\libc_nano.a
LOAD C:/ST/STM32CubeIDE_1.17.0/STM32CubeIDE/plugins/com.st.stm32cube.ide.mcu.externaltools.gnu-tools-for-stm32.13.3.rel1.win32_1.0.0.202411081344/tools/bin/../lib/gcc/arm-none-eabi/13.3.1/../../../../arm-none-eabi/lib/thumb/v7e-m+fp/hard\libnosys.a
END GROUP
START GROUP
LOAD C:/ST/STM32CubeIDE_1.17.0/STM32CubeIDE/plugins/com.st.stm32cube.ide.mcu.externaltools.gnu-tools-for-stm32.13.3.rel1.win32_1.0.0.202411081344/tools/bin/../lib/gcc/arm-none-eabi/13.3.1/thumb/v7e-m+fp/hard\libgcc.a
LOAD C:/ST/STM32CubeIDE_1.17.0/STM32CubeIDE/plugins/com.st.stm32cube.ide.mcu.externaltools.gnu-tools-for-stm32.13.3.rel1.win32_1.0.0.202411081344/tools/bin/../lib/gcc/arm-none-eabi/13.3.1/../../../../arm-none-eabi/lib/thumb/v7e-m+fp/hard\libc_nano.a
LOAD C:/ST/STM32CubeIDE_1.17.0/STM32CubeIDE/plugins/com.st.stm32cube.ide.mcu.externaltools.gnu-tools-for-stm32.13.3.rel1.win32_1.0.0.202411081344/tools/bin/../lib/gcc/arm-none-eabi/13.3.1/../../../../arm-none-eabi/lib/thumb/v7e-m+fp/hard\libnosys.a
END GROUP
LOAD C:/ST/STM32CubeIDE_1.17.0/STM32CubeIDE/plugins/com.st.stm32cube.ide.mcu.externaltools.gnu-tools-for-stm32.13.3.rel1.win32_1.0.0.202411081344/tools/bin/../lib/gcc/arm-none-eabi/13.3.1/thumb/v7e-m+fp/hard/crtend.o
LOAD C:/ST/STM32CubeIDE_1.17.0/STM32CubeIDE/plugins/com.st.stm32cube.ide.mcu.externaltools.gnu-tools-for-stm32.13.3.rel1.win32_1.0.0.202411081344/tools/bin/../lib/gcc/arm-none-eabi/13.3.1/thumb/v7e-m+fp/hard/crtn.o
                0x20020000                        _estack = (ORIGIN (RAM) + LENGTH (RAM))
                0x00000200                        _Min_Heap_Size = 0x200
                0x00000400                        _Min_Stack_Size = 0x400

.isr_vector     0x08000000      0x188
                0x08000000                        . = ALIGN (0x4)
 *(.isr_vector)
 .isr_vector    0x08000000      0x188 ./Startup/startup_stm32f407vgtx.o
                0x08000000                g_pfnVectors
                0x08000188                        . = ALIGN (0x4)

.text           0x08000188      0xe00
                0x08000188                        . = ALIGN (0x4)
 *(.text)
 .text          0x08000188       0x40 C:/ST/STM32CubeIDE_1.17.0/STM32CubeIDE/plugins/com.st.stm32cube.ide.mcu.externaltools.gnu-tools-for-stm32.13.3.rel1.win32_1.0.0.202411081344/tools/bin/../lib/gcc/arm-none-eabi/13.3.1/thumb/v7e-m+fp/hard/crtbegin.o
 *(.text*)
 .text.RCC_GetPCLK1Value
                0x080001c8       0xb0 ./Drivers/Src/stm32f407xx_RCC_driver.o
                0x080001c8                RCC_GetPCLK1Value
 .text.RCC_GetPCLK2Value
                0x08000278       0xa0 ./Drivers/Src/stm32f407xx_RCC_driver.o
                0x08000278                RCC_GetPCLK2Value
 .text.RCC_GetPLLOutputClock
                0x08000318       0x10 ./Drivers/Src/stm32f407xx_RCC_driver.o
                0x08000318                RCC_GetPLLOutputClock
 .text.USART_PeriClockControl
                0x08000328       0xcc ./Drivers/Src/stm32f407xx_USART_driver.o
                0x08000328                USART_PeriClockControl
 .text.USART_PeripheralControl
                0x080003f4       0x38 ./Drivers/Src/stm32f407xx_USART_driver.o
                0x080003f4                USART_PeripheralControl
 .text.USART_IRQInterruptConfig
                0x0800042c      0x10c ./Drivers/Src/stm32f407xx_USART_driver.o
                0x0800042c                USART_IRQInterruptConfig
 .text.USART_Init
                0x08000538      0x136 ./Drivers/Src/stm32f407xx_USART_driver.o
                0x08000538                USART_Init
 *fill*         0x0800066e        0x2 
 .text.USART_SetBaudRate
                0x08000670       0xe4 ./Drivers/Src/stm32f407xx_USART_driver.o
                0x08000670                USART_SetBaudRate
 .text.GPIO_Init
                0x08000754      0x340 ./Drivers/Src/stm32f407xx_gpio_driver.o
                0x08000754                GPIO_Init
 .text.GPIO_PeriClockControl
                0x08000a94      0x1bc ./Drivers/Src/stm32f407xx_gpio_driver.o
                0x08000a94                GPIO_PeriClockControl
 .text.LIN_Get_Flag_Status
                0x08000c50       0x30 ./Src/LIN/lin_hal.o
 .text.LIN_Clear_Flag_Status
                0x08000c80       0x28 ./Src/LIN/lin_hal.o
 .text.LIN_USART_Set_Break
                0x08000ca8       0x64 ./Src/LIN/lin_hal.o
 .text.LIN_ISR  0x08000d0c       0x64 ./Src/LIN/lin_hal.o
                0x08000d0c                LIN_ISR
 .text.LIN_Init
                0x08000d70       0x58 ./Src/LIN/lin_hal.o
                0x08000d70                LIN_Init
 .text.Lin_SetFrameState
                0x08000dc8       0x20 ./Src/LIN/lin_protocol.o
                0x08000dc8                Lin_SetFrameState
 .text.Lin_GetFrameState
                0x08000de8       0x18 ./Src/LIN/lin_protocol.o
                0x08000de8                Lin_GetFrameState
 .text.Lin_StateMachine
                0x08000e00       0x2e ./Src/LIN/lin_protocol.o
                0x08000e00                Lin_StateMachine
 *fill*         0x08000e2e        0x2 
 .text.GPIO_Usart_Pins_Init
                0x08000e30       0x5c ./Src/LIN/main.o
                0x08000e30                GPIO_Usart_Pins_Init
 .text.System_Init
                0x08000e8c       0x10 ./Src/LIN/main.o
                0x08000e8c                System_Init
 .text.main     0x08000e9c       0x2c ./Src/LIN/main.o
                0x08000e9c                main
 .text.USART2_IRQHandler
                0x08000ec8        0xc ./Src/LIN/main.o
                0x08000ec8                USART2_IRQHandler
 .text.Reset_Handler
                0x08000ed4       0x50 ./Startup/startup_stm32f407vgtx.o
                0x08000ed4                Reset_Handler
 .text.Default_Handler
                0x08000f24        0x2 ./Startup/startup_stm32f407vgtx.o
                0x08000f24                RTC_Alarm_IRQHandler
                0x08000f24                HASH_RNG_IRQHandler
                0x08000f24                EXTI2_IRQHandler
                0x08000f24                TIM8_CC_IRQHandler
                0x08000f24                DebugMon_Handler
                0x08000f24                TIM1_CC_IRQHandler
                0x08000f24                DMA2_Stream5_IRQHandler
                0x08000f24                HardFault_Handler
                0x08000f24                DMA1_Stream5_IRQHandler
                0x08000f24                SysTick_Handler
                0x08000f24                PVD_IRQHandler
                0x08000f24                SDIO_IRQHandler
                0x08000f24                TAMP_STAMP_IRQHandler
                0x08000f24                PendSV_Handler
                0x08000f24                NMI_Handler
                0x08000f24                CAN2_RX1_IRQHandler
                0x08000f24                EXTI3_IRQHandler
                0x08000f24                TIM8_TRG_COM_TIM14_IRQHandler
                0x08000f24                TIM1_UP_TIM10_IRQHandler
                0x08000f24                TIM8_UP_TIM13_IRQHandler
                0x08000f24                I2C3_ER_IRQHandler
                0x08000f24                EXTI0_IRQHandler
                0x08000f24                I2C2_EV_IRQHandler
                0x08000f24                DMA1_Stream2_IRQHandler
                0x08000f24                CAN1_RX0_IRQHandler
                0x08000f24                FPU_IRQHandler
                0x08000f24                OTG_HS_WKUP_IRQHandler
                0x08000f24                UsageFault_Handler
                0x08000f24                CAN2_SCE_IRQHandler
                0x08000f24                DMA2_Stream2_IRQHandler
                0x08000f24                SPI1_IRQHandler
                0x08000f24                TIM6_DAC_IRQHandler
                0x08000f24                TIM1_BRK_TIM9_IRQHandler
                0x08000f24                DCMI_IRQHandler
                0x08000f24                CAN2_RX0_IRQHandler
                0x08000f24                DMA2_Stream3_IRQHandler
                0x08000f24                USART6_IRQHandler
                0x08000f24                USART3_IRQHandler
                0x08000f24                CRYP_IRQHandler
                0x08000f24                CAN1_RX1_IRQHandler
                0x08000f24                UART5_IRQHandler
                0x08000f24                DMA2_Stream0_IRQHandler
                0x08000f24                TIM4_IRQHandler
                0x08000f24                I2C1_EV_IRQHandler
                0x08000f24                DMA1_Stream6_IRQHandler
                0x08000f24                DMA1_Stream1_IRQHandler
                0x08000f24                UART4_IRQHandler
                0x08000f24                TIM3_IRQHandler
                0x08000f24                RCC_IRQHandler
                0x08000f24                TIM8_BRK_TIM12_IRQHandler
                0x08000f24                Default_Handler
                0x08000f24                EXTI15_10_IRQHandler
                0x08000f24                ADC_IRQHandler
                0x08000f24                DMA1_Stream7_IRQHandler
                0x08000f24                TIM7_IRQHandler
                0x08000f24                CAN2_TX_IRQHandler
                0x08000f24                TIM5_IRQHandler
                0x08000f24                DMA2_Stream7_IRQHandler
                0x08000f24                I2C3_EV_IRQHandler
                0x08000f24                EXTI9_5_IRQHandler
                0x08000f24                RTC_WKUP_IRQHandler
                0x08000f24                ETH_WKUP_IRQHandler
                0x08000f24                SPI2_IRQHandler
                0x08000f24                OTG_HS_EP1_IN_IRQHandler
                0x08000f24                MemManage_Handler
                0x08000f24                DMA1_Stream0_IRQHandler
                0x08000f24                CAN1_TX_IRQHandler
                0x08000f24                SVC_Handler
                0x08000f24                EXTI4_IRQHandler
                0x08000f24                FSMC_IRQHandler
                0x08000f24                ETH_IRQHandler
                0x08000f24                OTG_HS_EP1_OUT_IRQHandler
                0x08000f24                WWDG_IRQHandler
                0x08000f24                TIM2_IRQHandler
                0x08000f24                OTG_FS_WKUP_IRQHandler
                0x08000f24                TIM1_TRG_COM_TIM11_IRQHandler
                0x08000f24                OTG_HS_IRQHandler
                0x08000f24                EXTI1_IRQHandler
                0x08000f24                I2C2_ER_IRQHandler
                0x08000f24                DMA2_Stream1_IRQHandler
                0x08000f24                CAN1_SCE_IRQHandler
                0x08000f24                DMA2_Stream4_IRQHandler
                0x08000f24                BusFault_Handler
                0x08000f24                USART1_IRQHandler
                0x08000f24                OTG_FS_IRQHandler
                0x08000f24                SPI3_IRQHandler
                0x08000f24                DMA1_Stream4_IRQHandler
                0x08000f24                I2C1_ER_IRQHandler
                0x08000f24                DMA2_Stream6_IRQHandler
                0x08000f24                DMA1_Stream3_IRQHandler
 *fill*         0x08000f26        0x2 
 .text.__libc_init_array
                0x08000f28       0x48 C:/ST/STM32CubeIDE_1.17.0/STM32CubeIDE/plugins/com.st.stm32cube.ide.mcu.externaltools.gnu-tools-for-stm32.13.3.rel1.win32_1.0.0.202411081344/tools/bin/../lib/gcc/arm-none-eabi/13.3.1/../../../../arm-none-eabi/lib/thumb/v7e-m+fp/hard\libc_nano.a(libc_a-init.o)
                0x08000f28                __libc_init_array
 *(.glue_7)
 .glue_7        0x08000f70        0x0 linker stubs
 *(.glue_7t)
 .glue_7t       0x08000f70        0x0 linker stubs
 *(.eh_frame)
 .eh_frame      0x08000f70        0x0 C:/ST/STM32CubeIDE_1.17.0/STM32CubeIDE/plugins/com.st.stm32cube.ide.mcu.externaltools.gnu-tools-for-stm32.13.3.rel1.win32_1.0.0.202411081344/tools/bin/../lib/gcc/arm-none-eabi/13.3.1/thumb/v7e-m+fp/hard/crtbegin.o
 *(.init)
 .init          0x08000f70        0x4 C:/ST/STM32CubeIDE_1.17.0/STM32CubeIDE/plugins/com.st.stm32cube.ide.mcu.externaltools.gnu-tools-for-stm32.13.3.rel1.win32_1.0.0.202411081344/tools/bin/../lib/gcc/arm-none-eabi/13.3.1/thumb/v7e-m+fp/hard/crti.o
                0x08000f70                _init
 .init          0x08000f74        0x8 C:/ST/STM32CubeIDE_1.17.0/STM32CubeIDE/plugins/com.st.stm32cube.ide.mcu.externaltools.gnu-tools-for-stm32.13.3.rel1.win32_1.0.0.202411081344/tools/bin/../lib/gcc/arm-none-eabi/13.3.1/thumb/v7e-m+fp/hard/crtn.o
 *(.fini)
 .fini          0x08000f7c        0x4 C:/ST/STM32CubeIDE_1.17.0/STM32CubeIDE/plugins/com.st.stm32cube.ide.mcu.externaltools.gnu-tools-for-stm32.13.3.rel1.win32_1.0.0.202411081344/tools/bin/../lib/gcc/arm-none-eabi/13.3.1/thumb/v7e-m+fp/hard/crti.o
                0x08000f7c                _fini
 .fini          0x08000f80        0x8 C:/ST/STM32CubeIDE_1.17.0/STM32CubeIDE/plugins/com.st.stm32cube.ide.mcu.externaltools.gnu-tools-for-stm32.13.3.rel1.win32_1.0.0.202411081344/tools/bin/../lib/gcc/arm-none-eabi/13.3.1/thumb/v7e-m+fp/hard/crtn.o
                0x08000f88                        . = ALIGN (0x4)
                0x08000f88                        _etext = .

.vfp11_veneer   0x08000f88        0x0
 .vfp11_veneer  0x08000f88        0x0 linker stubs

.v4_bx          0x08000f88        0x0
 .v4_bx         0x08000f88        0x0 linker stubs

.iplt           0x08000f88        0x0
 .iplt          0x08000f88        0x0 C:/ST/STM32CubeIDE_1.17.0/STM32CubeIDE/plugins/com.st.stm32cube.ide.mcu.externaltools.gnu-tools-for-stm32.13.3.rel1.win32_1.0.0.202411081344/tools/bin/../lib/gcc/arm-none-eabi/13.3.1/thumb/v7e-m+fp/hard/crtbegin.o

.rodata         0x08000f88        0x0
                0x08000f88                        . = ALIGN (0x4)
 *(.rodata)
 *(.rodata*)
                0x08000f88                        . = ALIGN (0x4)

.ARM.extab      0x08000f88        0x0
                0x08000f88                        . = ALIGN (0x4)
 *(.ARM.extab* .gnu.linkonce.armextab.*)
                0x08000f88                        . = ALIGN (0x4)

.ARM            0x08000f88        0x0
                0x08000f88                        . = ALIGN (0x4)
                0x08000f88                        __exidx_start = .
 *(.ARM.exidx*)
                0x08000f88                        __exidx_end = .
                0x08000f88                        . = ALIGN (0x4)

.preinit_array  0x08000f88        0x0
                0x08000f88                        . = ALIGN (0x4)
                0x08000f88                        PROVIDE (__preinit_array_start = .)
 *(.preinit_array*)
                0x08000f88                        PROVIDE (__preinit_array_end = .)
                0x08000f88                        . = ALIGN (0x4)

.init_array     0x08000f88        0x4
                0x08000f88                        . = ALIGN (0x4)
                0x08000f88                        PROVIDE (__init_array_start = .)
 *(SORT_BY_NAME(.init_array.*))
 *(.init_array*)
 .init_array    0x08000f88        0x4 C:/ST/STM32CubeIDE_1.17.0/STM32CubeIDE/plugins/com.st.stm32cube.ide.mcu.externaltools.gnu-tools-for-stm32.13.3.rel1.win32_1.0.0.202411081344/tools/bin/../lib/gcc/arm-none-eabi/13.3.1/thumb/v7e-m+fp/hard/crtbegin.o
                0x08000f8c                        PROVIDE (__init_array_end = .)
                0x08000f8c                        . = ALIGN (0x4)

.fini_array     0x08000f8c        0x4
                0x08000f8c                        . = ALIGN (0x4)
                [!provide]                        PROVIDE (__fini_array_start = .)
 *(SORT_BY_NAME(.fini_array.*))
 *(.fini_array*)
 .fini_array    0x08000f8c        0x4 C:/ST/STM32CubeIDE_1.17.0/STM32CubeIDE/plugins/com.st.stm32cube.ide.mcu.externaltools.gnu-tools-for-stm32.13.3.rel1.win32_1.0.0.202411081344/tools/bin/../lib/gcc/arm-none-eabi/13.3.1/thumb/v7e-m+fp/hard/crtbegin.o
                [!provide]                        PROVIDE (__fini_array_end = .)
                0x08000f90                        . = ALIGN (0x4)
                0x08000f90                        _sidata = LOADADDR (.data)

.rel.dyn        0x08000f90        0x0
 .rel.iplt      0x08000f90        0x0 C:/ST/STM32CubeIDE_1.17.0/STM32CubeIDE/plugins/com.st.stm32cube.ide.mcu.externaltools.gnu-tools-for-stm32.13.3.rel1.win32_1.0.0.202411081344/tools/bin/../lib/gcc/arm-none-eabi/13.3.1/thumb/v7e-m+fp/hard/crtbegin.o

.data           0x20000000       0x14 load address 0x08000f90
                0x20000000                        . = ALIGN (0x4)
                0x20000000                        _sdata = .
 *(.data)
 *(.data*)
 .data.AHB_PreScaler
                0x20000000       0x10 ./Drivers/Src/stm32f407xx_RCC_driver.o
                0x20000000                AHB_PreScaler
 .data.APB1_PreScaler
                0x20000010        0x4 ./Drivers/Src/stm32f407xx_RCC_driver.o
                0x20000010                APB1_PreScaler
 *(.RamFunc)
 *(.RamFunc*)
                0x20000014                        . = ALIGN (0x4)
                0x20000014                        _edata = .
                0x08000fa4                        _siccmram = LOADADDR (.ccmram)

.igot.plt       0x20000014        0x0 load address 0x08000fa4
 .igot.plt      0x20000014        0x0 C:/ST/STM32CubeIDE_1.17.0/STM32CubeIDE/plugins/com.st.stm32cube.ide.mcu.externaltools.gnu-tools-for-stm32.13.3.rel1.win32_1.0.0.202411081344/tools/bin/../lib/gcc/arm-none-eabi/13.3.1/thumb/v7e-m+fp/hard/crtbegin.o

.ccmram         0x10000000        0x0 load address 0x08000fa4
                0x10000000                        . = ALIGN (0x4)
                0x10000000                        _sccmram = .
 *(.ccmram)
 *(.ccmram*)
                0x10000000                        . = ALIGN (0x4)
                0x10000000                        _eccmram = .
                0x10000000                        . = ALIGN (0x4)

.bss            0x20000014       0x54
                0x20000014                        _sbss = .
                0x20000014                        __bss_start__ = _sbss
 *(.bss)
 .bss           0x20000014       0x1c C:/ST/STM32CubeIDE_1.17.0/STM32CubeIDE/plugins/com.st.stm32cube.ide.mcu.externaltools.gnu-tools-for-stm32.13.3.rel1.win32_1.0.0.202411081344/tools/bin/../lib/gcc/arm-none-eabi/13.3.1/thumb/v7e-m+fp/hard/crtbegin.o
 *(.bss*)
 .bss.LIN_Handle_Config
                0x20000030       0x28 ./Src/LIN/lin_hal.o
                0x20000030                LIN_Handle_Config
 .bss.RxData    0x20000058        0xb ./Src/LIN/lin_hal.o
                0x20000058                RxData
 .bss.frame_index
                0x20000063        0x1 ./Src/LIN/lin_hal.o
                0x20000063                frame_index
 .bss.Lin_Frame_State
                0x20000064        0x1 ./Src/LIN/lin_protocol.o
 *(COMMON)
                0x20000068                        . = ALIGN (0x4)
 *fill*         0x20000065        0x3 
                0x20000068                        _ebss = .
                0x20000068                        __bss_end__ = _ebss

._user_heap_stack
                0x20000068      0x600
                0x20000068                        . = ALIGN (0x8)
                [!provide]                        PROVIDE (end = .)
                0x20000068                        PROVIDE (_end = .)
                0x20000268                        . = (. + _Min_Heap_Size)
 *fill*         0x20000068      0x200 
                0x20000668                        . = (. + _Min_Stack_Size)
 *fill*         0x20000268      0x400 
                0x20000668                        . = ALIGN (0x8)

/DISCARD/
 libc.a(*)
 libm.a(*)
 libgcc.a(*)

.ARM.attributes
                0x00000000       0x30
 *(.ARM.attributes)
 .ARM.attributes
                0x00000000       0x22 C:/ST/STM32CubeIDE_1.17.0/STM32CubeIDE/plugins/com.st.stm32cube.ide.mcu.externaltools.gnu-tools-for-stm32.13.3.rel1.win32_1.0.0.202411081344/tools/bin/../lib/gcc/arm-none-eabi/13.3.1/thumb/v7e-m+fp/hard/crti.o
 .ARM.attributes
                0x00000022       0x34 C:/ST/STM32CubeIDE_1.17.0/STM32CubeIDE/plugins/com.st.stm32cube.ide.mcu.externaltools.gnu-tools-for-stm32.13.3.rel1.win32_1.0.0.202411081344/tools/bin/../lib/gcc/arm-none-eabi/13.3.1/thumb/v7e-m+fp/hard/crtbegin.o
 .ARM.attributes
                0x00000056       0x34 ./Drivers/Src/stm32f407xx_RCC_driver.o
 .ARM.attributes
                0x0000008a       0x34 ./Drivers/Src/stm32f407xx_USART_driver.o
 .ARM.attributes
                0x000000be       0x34 ./Drivers/Src/stm32f407xx_gpio_driver.o
 .ARM.attributes
                0x000000f2       0x34 ./Src/LIN/lin_hal.o
 .ARM.attributes
                0x00000126       0x34 ./Src/LIN/lin_protocol.o
 .ARM.attributes
                0x0000015a       0x34 ./Src/LIN/main.o
 .ARM.attributes
                0x0000018e       0x21 ./Startup/startup_stm32f407vgtx.o
 .ARM.attributes
                0x000001af       0x34 C:/ST/STM32CubeIDE_1.17.0/STM32CubeIDE/plugins/com.st.stm32cube.ide.mcu.externaltools.gnu-tools-for-stm32.13.3.rel1.win32_1.0.0.202411081344/tools/bin/../lib/gcc/arm-none-eabi/13.3.1/../../../../arm-none-eabi/lib/thumb/v7e-m+fp/hard\libc_nano.a(libc_a-init.o)
 .ARM.attributes
                0x000001e3       0x22 C:/ST/STM32CubeIDE_1.17.0/STM32CubeIDE/plugins/com.st.stm32cube.ide.mcu.externaltools.gnu-tools-for-stm32.13.3.rel1.win32_1.0.0.202411081344/tools/bin/../lib/gcc/arm-none-eabi/13.3.1/thumb/v7e-m+fp/hard/crtn.o
OUTPUT(STM32_F407xx_CDD.elf elf32-littlearm)
LOAD linker stubs
LOAD C:/ST/STM32CubeIDE_1.17.0/STM32CubeIDE/plugins/com.st.stm32cube.ide.mcu.externaltools.gnu-tools-for-stm32.13.3.rel1.win32_1.0.0.202411081344/tools/bin/../lib/gcc/arm-none-eabi/13.3.1/../../../../arm-none-eabi/lib/thumb/v7e-m+fp/hard\libc.a
LOAD C:/ST/STM32CubeIDE_1.17.0/STM32CubeIDE/plugins/com.st.stm32cube.ide.mcu.externaltools.gnu-tools-for-stm32.13.3.rel1.win32_1.0.0.202411081344/tools/bin/../lib/gcc/arm-none-eabi/13.3.1/../../../../arm-none-eabi/lib/thumb/v7e-m+fp/hard\libm.a
LOAD C:/ST/STM32CubeIDE_1.17.0/STM32CubeIDE/plugins/com.st.stm32cube.ide.mcu.externaltools.gnu-tools-for-stm32.13.3.rel1.win32_1.0.0.202411081344/tools/bin/../lib/gcc/arm-none-eabi/13.3.1/thumb/v7e-m+fp/hard\libgcc.a

.debug_info     0x00000000     0x1b7e
 .debug_info    0x00000000      0x387 ./Drivers/Src/stm32f407xx_RCC_driver.o
 .debug_info    0x00000387      0x7d2 ./Drivers/Src/stm32f407xx_USART_driver.o
 .debug_info    0x00000b59      0x709 ./Drivers/Src/stm32f407xx_gpio_driver.o
 .debug_info    0x00001262      0x3da ./Src/LIN/lin_hal.o
 .debug_info    0x0000163c      0x216 ./Src/LIN/lin_protocol.o
 .debug_info    0x00001852      0x2fc ./Src/LIN/main.o
 .debug_info    0x00001b4e       0x30 ./Startup/startup_stm32f407vgtx.o

.debug_abbrev   0x00000000      0x982
 .debug_abbrev  0x00000000      0x122 ./Drivers/Src/stm32f407xx_RCC_driver.o
 .debug_abbrev  0x00000122      0x22e ./Drivers/Src/stm32f407xx_USART_driver.o
 .debug_abbrev  0x00000350      0x1aa ./Drivers/Src/stm32f407xx_gpio_driver.o
 .debug_abbrev  0x000004fa      0x1b8 ./Src/LIN/lin_hal.o
 .debug_abbrev  0x000006b2      0x142 ./Src/LIN/lin_protocol.o
 .debug_abbrev  0x000007f4      0x16a ./Src/LIN/main.o
 .debug_abbrev  0x0000095e       0x24 ./Startup/startup_stm32f407vgtx.o

.debug_aranges  0x00000000      0x210
 .debug_aranges
                0x00000000       0x30 ./Drivers/Src/stm32f407xx_RCC_driver.o
 .debug_aranges
                0x00000030       0x88 ./Drivers/Src/stm32f407xx_USART_driver.o
 .debug_aranges
                0x000000b8       0x70 ./Drivers/Src/stm32f407xx_gpio_driver.o
 .debug_aranges
                0x00000128       0x48 ./Src/LIN/lin_hal.o
 .debug_aranges
                0x00000170       0x40 ./Src/LIN/lin_protocol.o
 .debug_aranges
                0x000001b0       0x38 ./Src/LIN/main.o
 .debug_aranges
                0x000001e8       0x28 ./Startup/startup_stm32f407vgtx.o

.debug_rnglists
                0x00000000      0x178
 .debug_rnglists
                0x00000000       0x21 ./Drivers/Src/stm32f407xx_RCC_driver.o
 .debug_rnglists
                0x00000021       0x69 ./Drivers/Src/stm32f407xx_USART_driver.o
 .debug_rnglists
                0x0000008a       0x53 ./Drivers/Src/stm32f407xx_gpio_driver.o
 .debug_rnglists
                0x000000dd       0x31 ./Src/LIN/lin_hal.o
 .debug_rnglists
                0x0000010e       0x2c ./Src/LIN/lin_protocol.o
 .debug_rnglists
                0x0000013a       0x25 ./Src/LIN/main.o
 .debug_rnglists
                0x0000015f       0x19 ./Startup/startup_stm32f407vgtx.o

.debug_macro    0x00000000     0x2a2d
 .debug_macro   0x00000000       0xc2 ./Drivers/Src/stm32f407xx_RCC_driver.o
 .debug_macro   0x000000c2      0xae4 ./Drivers/Src/stm32f407xx_RCC_driver.o
 .debug_macro   0x00000ba6       0x22 ./Drivers/Src/stm32f407xx_RCC_driver.o
 .debug_macro   0x00000bc8       0x8e ./Drivers/Src/stm32f407xx_RCC_driver.o
 .debug_macro   0x00000c56       0x51 ./Drivers/Src/stm32f407xx_RCC_driver.o
 .debug_macro   0x00000ca7      0x103 ./Drivers/Src/stm32f407xx_RCC_driver.o
 .debug_macro   0x00000daa       0x6a ./Drivers/Src/stm32f407xx_RCC_driver.o
 .debug_macro   0x00000e14      0x1df ./Drivers/Src/stm32f407xx_RCC_driver.o
 .debug_macro   0x00000ff3      0x825 ./Drivers/Src/stm32f407xx_RCC_driver.o
 .debug_macro   0x00001818       0xc4 ./Drivers/Src/stm32f407xx_RCC_driver.o
 .debug_macro   0x000018dc      0x190 ./Drivers/Src/stm32f407xx_RCC_driver.o
 .debug_macro   0x00001a6c       0xbe ./Drivers/Src/stm32f407xx_RCC_driver.o
 .debug_macro   0x00001b2a       0x9a ./Drivers/Src/stm32f407xx_RCC_driver.o
 .debug_macro   0x00001bc4      0x12f ./Drivers/Src/stm32f407xx_RCC_driver.o
 .debug_macro   0x00001cf3       0xc8 ./Drivers/Src/stm32f407xx_USART_driver.o
 .debug_macro   0x00001dbb      0x129 ./Drivers/Src/stm32f407xx_USART_driver.o
 .debug_macro   0x00001ee4       0xc2 ./Drivers/Src/stm32f407xx_gpio_driver.o
 .debug_macro   0x00001fa6       0xde ./Src/LIN/lin_hal.o
 .debug_macro   0x00002084       0x22 ./Src/LIN/lin_hal.o
 .debug_macro   0x000020a6      0x82b ./Src/LIN/lin_hal.o
 .debug_macro   0x000028d1       0x28 ./Src/LIN/lin_hal.o
 .debug_macro   0x000028f9       0x6c ./Src/LIN/lin_protocol.o
 .debug_macro   0x00002965       0xc8 ./Src/LIN/main.o

.debug_line     0x00000000     0x2e35
 .debug_line    0x00000000      0x61b ./Drivers/Src/stm32f407xx_RCC_driver.o
 .debug_line    0x0000061b      0xc0b ./Drivers/Src/stm32f407xx_USART_driver.o
 .debug_line    0x00001226      0xab8 ./Drivers/Src/stm32f407xx_gpio_driver.o
 .debug_line    0x00001cde      0x64e ./Src/LIN/lin_hal.o
 .debug_line    0x0000232c      0x4f4 ./Src/LIN/lin_protocol.o
 .debug_line    0x00002820      0x59a ./Src/LIN/main.o
 .debug_line    0x00002dba       0x7b ./Startup/startup_stm32f407vgtx.o

.debug_str      0x00000000     0x7b4c
 .debug_str     0x00000000     0x7b4c ./Drivers/Src/stm32f407xx_RCC_driver.o
                               0x742a (size before relaxing)
 .debug_str     0x00007b4c     0x76c1 ./Drivers/Src/stm32f407xx_USART_driver.o
 .debug_str     0x00007b4c     0x75e4 ./Drivers/Src/stm32f407xx_gpio_driver.o
 .debug_str     0x00007b4c     0x7637 ./Src/LIN/lin_hal.o
 .debug_str     0x00007b4c     0x3f73 ./Src/LIN/lin_protocol.o
 .debug_str     0x00007b4c     0x7401 ./Src/LIN/main.o
 .debug_str     0x00007b4c       0x97 ./Startup/startup_stm32f407vgtx.o

.comment        0x00000000       0x43
 .comment       0x00000000       0x43 ./Drivers/Src/stm32f407xx_RCC_driver.o
                                 0x44 (size before relaxing)
 .comment       0x00000043       0x44 ./Drivers/Src/stm32f407xx_USART_driver.o
 .comment       0x00000043       0x44 ./Drivers/Src/stm32f407xx_gpio_driver.o
 .comment       0x00000043       0x44 ./Src/LIN/lin_hal.o
 .comment       0x00000043       0x44 ./Src/LIN/lin_protocol.o
 .comment       0x00000043       0x44 ./Src/LIN/main.o

.debug_frame    0x00000000      0x6c8
 .debug_frame   0x00000000       0x7c ./Drivers/Src/stm32f407xx_RCC_driver.o
 .debug_frame   0x0000007c      0x230 ./Drivers/Src/stm32f407xx_USART_driver.o
 .debug_frame   0x000002ac      0x1c8 ./Drivers/Src/stm32f407xx_gpio_driver.o
 .debug_frame   0x00000474       0xd8 ./Src/LIN/lin_hal.o
 .debug_frame   0x0000054c       0xc8 ./Src/LIN/lin_protocol.o
 .debug_frame   0x00000614       0x88 ./Src/LIN/main.o
 .debug_frame   0x0000069c       0x2c C:/ST/STM32CubeIDE_1.17.0/STM32CubeIDE/plugins/com.st.stm32cube.ide.mcu.externaltools.gnu-tools-for-stm32.13.3.rel1.win32_1.0.0.202411081344/tools/bin/../lib/gcc/arm-none-eabi/13.3.1/../../../../arm-none-eabi/lib/thumb/v7e-m+fp/hard\libc_nano.a(libc_a-init.o)

.debug_line_str
                0x00000000       0x7b
 .debug_line_str
                0x00000000       0x7b ./Startup/startup_stm32f407vgtx.o
