Archive member included to satisfy reference by file (symbol)

C:/ST/STM32CubeIDE_1.17.0/STM32CubeIDE/plugins/com.st.stm32cube.ide.mcu.externaltools.gnu-tools-for-stm32.12.3.rel1.win32_1.1.0.202410251130/tools/bin/../lib/gcc/arm-none-eabi/12.3.1/../../../../arm-none-eabi/lib/thumb/v7e-m+fp/hard\libc_nano.a(libc_a-exit.o)
                              C:/ST/STM32CubeIDE_1.17.0/STM32CubeIDE/plugins/com.st.stm32cube.ide.mcu.externaltools.gnu-tools-for-stm32.12.3.rel1.win32_1.1.0.202410251130/tools/bin/../lib/gcc/arm-none-eabi/12.3.1/../../../../arm-none-eabi/lib/thumb/v7e-m+fp/hard/crt0.o (exit)
C:/ST/STM32CubeIDE_1.17.0/STM32CubeIDE/plugins/com.st.stm32cube.ide.mcu.externaltools.gnu-tools-for-stm32.12.3.rel1.win32_1.1.0.202410251130/tools/bin/../lib/gcc/arm-none-eabi/12.3.1/../../../../arm-none-eabi/lib/thumb/v7e-m+fp/hard\libc_nano.a(libc_a-findfp.o)
                              C:/ST/STM32CubeIDE_1.17.0/STM32CubeIDE/plugins/com.st.stm32cube.ide.mcu.externaltools.gnu-tools-for-stm32.12.3.rel1.win32_1.1.0.202410251130/tools/bin/../lib/gcc/arm-none-eabi/12.3.1/../../../../arm-none-eabi/lib/thumb/v7e-m+fp/hard\libc_nano.a(libc_a-exit.o) (__stdio_exit_handler)
C:/ST/STM32CubeIDE_1.17.0/STM32CubeIDE/plugins/com.st.stm32cube.ide.mcu.externaltools.gnu-tools-for-stm32.12.3.rel1.win32_1.1.0.202410251130/tools/bin/../lib/gcc/arm-none-eabi/12.3.1/../../../../arm-none-eabi/lib/thumb/v7e-m+fp/hard\libc_nano.a(libc_a-fwalk.o)
                              C:/ST/STM32CubeIDE_1.17.0/STM32CubeIDE/plugins/com.st.stm32cube.ide.mcu.externaltools.gnu-tools-for-stm32.12.3.rel1.win32_1.1.0.202410251130/tools/bin/../lib/gcc/arm-none-eabi/12.3.1/../../../../arm-none-eabi/lib/thumb/v7e-m+fp/hard\libc_nano.a(libc_a-findfp.o) (_fwalk_sglue)
C:/ST/STM32CubeIDE_1.17.0/STM32CubeIDE/plugins/com.st.stm32cube.ide.mcu.externaltools.gnu-tools-for-stm32.12.3.rel1.win32_1.1.0.202410251130/tools/bin/../lib/gcc/arm-none-eabi/12.3.1/../../../../arm-none-eabi/lib/thumb/v7e-m+fp/hard\libc_nano.a(libc_a-stdio.o)
                              C:/ST/STM32CubeIDE_1.17.0/STM32CubeIDE/plugins/com.st.stm32cube.ide.mcu.externaltools.gnu-tools-for-stm32.12.3.rel1.win32_1.1.0.202410251130/tools/bin/../lib/gcc/arm-none-eabi/12.3.1/../../../../arm-none-eabi/lib/thumb/v7e-m+fp/hard\libc_nano.a(libc_a-findfp.o) (__sread)
C:/ST/STM32CubeIDE_1.17.0/STM32CubeIDE/plugins/com.st.stm32cube.ide.mcu.externaltools.gnu-tools-for-stm32.12.3.rel1.win32_1.1.0.202410251130/tools/bin/../lib/gcc/arm-none-eabi/12.3.1/../../../../arm-none-eabi/lib/thumb/v7e-m+fp/hard\libc_nano.a(libc_a-memset.o)
                              C:/ST/STM32CubeIDE_1.17.0/STM32CubeIDE/plugins/com.st.stm32cube.ide.mcu.externaltools.gnu-tools-for-stm32.12.3.rel1.win32_1.1.0.202410251130/tools/bin/../lib/gcc/arm-none-eabi/12.3.1/../../../../arm-none-eabi/lib/thumb/v7e-m+fp/hard/crt0.o (memset)
C:/ST/STM32CubeIDE_1.17.0/STM32CubeIDE/plugins/com.st.stm32cube.ide.mcu.externaltools.gnu-tools-for-stm32.12.3.rel1.win32_1.1.0.202410251130/tools/bin/../lib/gcc/arm-none-eabi/12.3.1/../../../../arm-none-eabi/lib/thumb/v7e-m+fp/hard\libc_nano.a(libc_a-closer.o)
                              C:/ST/STM32CubeIDE_1.17.0/STM32CubeIDE/plugins/com.st.stm32cube.ide.mcu.externaltools.gnu-tools-for-stm32.12.3.rel1.win32_1.1.0.202410251130/tools/bin/../lib/gcc/arm-none-eabi/12.3.1/../../../../arm-none-eabi/lib/thumb/v7e-m+fp/hard\libc_nano.a(libc_a-stdio.o) (_close_r)
C:/ST/STM32CubeIDE_1.17.0/STM32CubeIDE/plugins/com.st.stm32cube.ide.mcu.externaltools.gnu-tools-for-stm32.12.3.rel1.win32_1.1.0.202410251130/tools/bin/../lib/gcc/arm-none-eabi/12.3.1/../../../../arm-none-eabi/lib/thumb/v7e-m+fp/hard\libc_nano.a(libc_a-reent.o)
                              C:/ST/STM32CubeIDE_1.17.0/STM32CubeIDE/plugins/com.st.stm32cube.ide.mcu.externaltools.gnu-tools-for-stm32.12.3.rel1.win32_1.1.0.202410251130/tools/bin/../lib/gcc/arm-none-eabi/12.3.1/../../../../arm-none-eabi/lib/thumb/v7e-m+fp/hard\libc_nano.a(libc_a-closer.o) (errno)
C:/ST/STM32CubeIDE_1.17.0/STM32CubeIDE/plugins/com.st.stm32cube.ide.mcu.externaltools.gnu-tools-for-stm32.12.3.rel1.win32_1.1.0.202410251130/tools/bin/../lib/gcc/arm-none-eabi/12.3.1/../../../../arm-none-eabi/lib/thumb/v7e-m+fp/hard\libc_nano.a(libc_a-impure.o)
                              C:/ST/STM32CubeIDE_1.17.0/STM32CubeIDE/plugins/com.st.stm32cube.ide.mcu.externaltools.gnu-tools-for-stm32.12.3.rel1.win32_1.1.0.202410251130/tools/bin/../lib/gcc/arm-none-eabi/12.3.1/../../../../arm-none-eabi/lib/thumb/v7e-m+fp/hard\libc_nano.a(libc_a-reent.o) (_impure_ptr)
C:/ST/STM32CubeIDE_1.17.0/STM32CubeIDE/plugins/com.st.stm32cube.ide.mcu.externaltools.gnu-tools-for-stm32.12.3.rel1.win32_1.1.0.202410251130/tools/bin/../lib/gcc/arm-none-eabi/12.3.1/../../../../arm-none-eabi/lib/thumb/v7e-m+fp/hard\libc_nano.a(libc_a-lseekr.o)
[...]
Memory Configuration

Name             Origin             Length             Attributes
CCMRAM           0x10000000         0x00010000         xrw
RAM              0x20000000         0x00020000         xrw
FLASH            0x08000000         0x00100000         xr
*default*        0x00000000         0xffffffff

Linker script and memory map

LOAD C:/ST/STM32CubeIDE_1.17.0/STM32CubeIDE/plugins/com.st.stm32cube.ide.mcu.externaltools.gnu-tools-for-stm32.12.3.rel1.win32_1.1.0.202410251130/tools/bin/../lib/gcc/arm-none-eabi/12.3.1/thumb/v7e-m+fp/hard/crti.o
LOAD C:/ST/STM32CubeIDE_1.17.0/STM32CubeIDE/plugins/com.st.stm32cube.ide.mcu.externaltools.gnu-tools-for-stm32.12.3.rel1.win32_1.1.0.202410251130/tools/bin/../lib/gcc/arm-none-eabi/12.3.1/thumb/v7e-m+fp/hard/crtbegin.o
LOAD C:/ST/STM32CubeIDE_1.17.0/STM32CubeIDE/plugins/com.st.stm32cube.ide.mcu.externaltools.gnu-tools-for-stm32.12.3.rel1.win32_1.1.0.202410251130/tools/bin/../lib/gcc/arm-none-eabi/12.3.1/../../../../arm-none-eabi/lib/thumb/v7e-m+fp/hard/crt0.o
LOAD ./Drivers/Src/stm32f407xx_RCC_driver.o
LOAD ./Drivers/Src/stm32f407xx_USART_driver.o
LOAD ./Drivers/Src/stm32f407xx_gpio_driver.o
LOAD ./Drivers/Src/stm32f407xx_i2c_driver.o
LOAD ./Drivers/Src/stm32f407xx_spi_driver.o
LOAD ./Src/USART/uart_tx.o
LOAD ./Src/syscalls.o
LOAD ./Src/sysmem.o
LOAD ./Startup/startup_stm32f407vgtx.o
START GROUP
LOAD C:/ST/STM32CubeIDE_1.17.0/STM32CubeIDE/plugins/com.st.stm32cube.ide.mcu.externaltools.gnu-tools-for-stm32.12.3.rel1.win32_1.1.0.202410251130/tools/bin/../lib/gcc/arm-none-eabi/12.3.1/../../../../arm-none-eabi/lib/thumb/v7e-m+fp/hard\libc_nano.a
LOAD C:/ST/STM32CubeIDE_1.17.0/STM32CubeIDE/plugins/com.st.stm32cube.ide.mcu.externaltools.gnu-tools-for-stm32.12.3.rel1.win32_1.1.0.202410251130/tools/bin/../lib/gcc/arm-none-eabi/12.3.1/../../../../arm-none-eabi/lib/thumb/v7e-m+fp/hard\libm.a
END GROUP
START GROUP
LOAD C:/ST/STM32CubeIDE_1.17.0/STM32CubeIDE/plugins/com.st.stm32cube.ide.mcu.externaltools.gnu-tools-for-stm32.12.3.rel1.win32_1.1.0.202410251130/tools/bin/../lib/gcc/arm-none-eabi/12.3.1/thumb/v7e-m+fp/hard\libgcc.a
LOAD C:/ST/STM32CubeIDE_1.17.0/STM32CubeIDE/plugins/com.st.stm32cube.ide.mcu.externaltools.gnu-tools-for-stm32.12.3.rel1.win32_1.1.0.202410251130/tools/bin/../lib/gcc/arm-none-eabi/12.3.1/../../../../arm-none-eabi/lib/thumb/v7e-m+fp/hard\libc_nano.a
END GROUP
START GROUP
LOAD C:/ST/STM32CubeIDE_1.17.0/STM32CubeIDE/plugins/com.st.stm32cube.ide.mcu.externaltools.gnu-tools-for-stm32.12.3.rel1.win32_1.1.0.202410251130/tools/bin/../lib/gcc/arm-none-eabi/12.3.1/thumb/v7e-m+fp/hard\libgcc.a
LOAD C:/ST/STM32CubeIDE_1.17.0/STM32CubeIDE/plugins/com.st.stm32cube.ide.mcu.externaltools.gnu-tools-for-stm32.12.3.rel1.win32_1.1.0.202410251130/tools/bin/../lib/gcc/arm-none-eabi/12.3.1/../../../../arm-none-eabi/lib/thumb/v7e-m+fp/hard\libc_nano.a
LOAD C:/ST/STM32CubeIDE_1.17.0/STM32CubeIDE/plugins/com.st.stm32cube.ide.mcu.externaltools.gnu-tools-for-stm32.12.3.rel1.win32_1.1.0.202410251130/tools/bin/../lib/gcc/arm-none-eabi/12.3.1/../../../../arm-none-eabi/lib/thumb/v7e-m+fp/hard\libnosys.a
END GROUP
START GROUP
LOAD C:/ST/STM32CubeIDE_1.17.0/STM32CubeIDE/plugins/com.st.stm32cube.ide.mcu.externaltools.gnu-tools-for-stm32.12.3.rel1.win32_1.1.0.202410251130/tools/bin/../lib/gcc/arm-none-eabi/12.3.1/thumb/v7e-m+fp/hard\libgcc.a
LOAD C:/ST/STM32CubeIDE_1.17.0/STM32CubeIDE/plugins/com.st.stm32cube.ide.mcu.externaltools.gnu-tools-for-stm32.12.3.rel1.win32_1.1.0.202410251130/tools/bin/../lib/gcc/arm-none-eabi/12.3.1/../../../../arm-none-eabi/lib/thumb/v7e-m+fp/hard\libc_nano.a
LOAD C:/ST/STM32CubeIDE_1.17.0/STM32CubeIDE/plugins/com.st.stm32cube.ide.mcu.externaltools.gnu-tools-for-stm32.12.3.rel1.win32_1.1.0.202410251130/tools/bin/../lib/gcc/arm-none-eabi/12.3.1/../../../../arm-none-eabi/lib/thumb/v7e-m+fp/hard\libnosys.a
END GROUP
LOAD C:/ST/STM32CubeIDE_1.17.0/STM32CubeIDE/plugins/com.st.stm32cube.ide.mcu.externaltools.gnu-tools-for-stm32.12.3.rel1.win32_1.1.0.202410251130/tools/bin/../lib/gcc/arm-none-eabi/12.3.1/thumb/v7e-m+fp/hard/crtend.o
LOAD C:/ST/STM32CubeIDE_1.17.0/STM32CubeIDE/plugins/com.st.stm32cube.ide.mcu.externaltools.gnu-tools-for-stm32.12.3.rel1.win32_1.1.0.202410251130/tools/bin/../lib/gcc/arm-none-eabi/12.3.1/thumb/v7e-m+fp/hard/crtn.o
                0x20020000                        _estack = (ORIGIN (RAM) + LENGTH (RAM))
                0x00000200                        _Min_Heap_Size = 0x200
                0x00000400                        _Min_Stack_Size = 0x400

.isr_vector     0x08000000      0x188
                0x08000000                        . = ALIGN (0x4)
 *(.isr_vector)
 .isr_vector    0x08000000      0x188 ./Startup/startup_stm32f407vgtx.o
                0x08000000                g_pfnVectors
                0x08000188                        . = ALIGN (0x4)

.text           0x08000188      0xc1c
                0x08000188                        . = ALIGN (0x4)
 *(.text)
 .text          0x08000188       0x40 C:/ST/STM32CubeIDE_1.17.0/STM32CubeIDE/plugins/com.st.stm32cube.ide.mcu.externaltools.gnu-tools-for-stm32.12.3.rel1.win32_1.1.0.202410251130/tools/bin/../lib/gcc/arm-none-eabi/12.3.1/thumb/v7e-m+fp/hard/crtbegin.o
 *(.text*)
 .text.RCC_GetPCLK1Value
                0x080001c8       0xb0 ./Drivers/Src/stm32f407xx_RCC_driver.o
                0x080001c8                RCC_GetPCLK1Value
 .text.RCC_GetPCLK2Value
                0x08000278       0xa0 ./Drivers/Src/stm32f407xx_RCC_driver.o
                0x08000278                RCC_GetPCLK2Value
 .text.RCC_GetPLLOutputClock
                0x08000318       0x10 ./Drivers/Src/stm32f407xx_RCC_driver.o
                0x08000318                RCC_GetPLLOutputClock
 .text.USART_PeriClockControl
                0x08000328       0xcc ./Drivers/Src/stm32f407xx_USART_driver.o
                0x08000328                USART_PeriClockControl
 .text.USART_PeripheralControl
                0x080003f4       0x38 ./Drivers/Src/stm32f407xx_USART_driver.o
                0x080003f4                USART_PeripheralControl
 .text.USART_GetFlagStatus
                0x0800042c       0x2e ./Drivers/Src/stm32f407xx_USART_driver.o
                0x0800042c                USART_GetFlagStatus
 .text.USART_Init
                0x0800045a       0xf8 ./Drivers/Src/stm32f407xx_USART_driver.o
                0x0800045a                USART_Init
 .text.USART_SendData
                0x08000552       0xa4 ./Drivers/Src/stm32f407xx_USART_driver.o
                0x08000552                USART_SendData
 *fill*         0x080005f6        0x2 
 .text.USART_SetBaudRate
                0x080005f8       0xe4 ./Drivers/Src/stm32f407xx_USART_driver.o
                0x080005f8                USART_SetBaudRate
 .text.GPIO_Init
                0x080006dc      0x340 ./Drivers/Src/stm32f407xx_gpio_driver.o
                0x080006dc                GPIO_Init
 .text.GPIO_PeriClockControl
                0x08000a1c      0x1bc ./Drivers/Src/stm32f407xx_gpio_driver.o
                0x08000a1c                GPIO_PeriClockControl
 .text.sw_delay
                0x08000bd8       0x2c ./Src/USART/uart_tx.o
                0x08000bd8                sw_delay
 .text.main     0x08000c04       0x64 ./Src/USART/uart_tx.o
                0x08000c04                main
 .text.USART1_GPIO_Init
                0x08000c68       0x44 ./Src/USART/uart_tx.o
                0x08000c68                USART1_GPIO_Init
 .text.USART1_Init
                0x08000cac       0x44 ./Src/USART/uart_tx.o
                0x08000cac                USART1_Init
 .text.Reset_Handler
                0x08000cf0       0x50 ./Startup/startup_stm32f407vgtx.o
                0x08000cf0                Reset_Handler
 .text.Default_Handler
                0x08000d40        0x2 ./Startup/startup_stm32f407vgtx.o
                0x08000d40                RTC_Alarm_IRQHandler
                0x08000d40                HASH_RNG_IRQHandler
                0x08000d40                EXTI2_IRQHandler
                0x08000d40                TIM8_CC_IRQHandler
                0x08000d40                DebugMon_Handler
                0x08000d40                TIM1_CC_IRQHandler
                0x08000d40                DMA2_Stream5_IRQHandler
                0x08000d40                HardFault_Handler
                0x08000d40                DMA1_Stream5_IRQHandler
                0x08000d40                SysTick_Handler
                0x08000d40                PVD_IRQHandler
                0x08000d40                SDIO_IRQHandler
                0x08000d40                TAMP_STAMP_IRQHandler
                0x08000d40                PendSV_Handler
                0x08000d40                NMI_Handler
                0x08000d40                CAN2_RX1_IRQHandler
                0x08000d40                EXTI3_IRQHandler
                0x08000d40                TIM8_TRG_COM_TIM14_IRQHandler
                0x08000d40                TIM1_UP_TIM10_IRQHandler
                0x08000d40                TIM8_UP_TIM13_IRQHandler
                0x08000d40                I2C3_ER_IRQHandler
                0x08000d40                EXTI0_IRQHandler
                0x08000d40                I2C2_EV_IRQHandler
                0x08000d40                DMA1_Stream2_IRQHandler
                0x08000d40                CAN1_RX0_IRQHandler
                0x08000d40                FPU_IRQHandler
                0x08000d40                OTG_HS_WKUP_IRQHandler
                0x08000d40                UsageFault_Handler
                0x08000d40                CAN2_SCE_IRQHandler
                0x08000d40                DMA2_Stream2_IRQHandler
                0x08000d40                SPI1_IRQHandler
                0x08000d40                TIM6_DAC_IRQHandler
                0x08000d40                TIM1_BRK_TIM9_IRQHandler
                0x08000d40                DCMI_IRQHandler
                0x08000d40                CAN2_RX0_IRQHandler
                0x08000d40                DMA2_Stream3_IRQHandler
                0x08000d40                USART6_IRQHandler
                0x08000d40                USART3_IRQHandler
                0x08000d40                CRYP_IRQHandler
                0x08000d40                CAN1_RX1_IRQHandler
                0x08000d40                UART5_IRQHandler
                0x08000d40                DMA2_Stream0_IRQHandler
                0x08000d40                TIM4_IRQHandler
                0x08000d40                I2C1_EV_IRQHandler
                0x08000d40                DMA1_Stream6_IRQHandler
                0x08000d40                DMA1_Stream1_IRQHandler
                0x08000d40                UART4_IRQHandler
                0x08000d40                TIM3_IRQHandler
                0x08000d40                RCC_IRQHandler
                0x08000d40                TIM8_BRK_TIM12_IRQHandler
                0x08000d40                Default_Handler
                0x08000d40                EXTI15_10_IRQHandler
                0x08000d40                ADC_IRQHandler
                0x08000d40                DMA1_Stream7_IRQHandler
                0x08000d40                TIM7_IRQHandler
                0x08000d40                CAN2_TX_IRQHandler
                0x08000d40                TIM5_IRQHandler
                0x08000d40                DMA2_Stream7_IRQHandler
                0x08000d40                I2C3_EV_IRQHandler
                0x08000d40                EXTI9_5_IRQHandler
                0x08000d40                RTC_WKUP_IRQHandler
                0x08000d40                ETH_WKUP_IRQHandler
                0x08000d40                SPI2_IRQHandler
                0x08000d40                OTG_HS_EP1_IN_IRQHandler
                0x08000d40                MemManage_Handler
                0x08000d40                DMA1_Stream0_IRQHandler
                0x08000d40                CAN1_TX_IRQHandler
                0x08000d40                SVC_Handler
                0x08000d40                EXTI4_IRQHandler
                0x08000d40                FSMC_IRQHandler
                0x08000d40                ETH_IRQHandler
                0x08000d40                OTG_HS_EP1_OUT_IRQHandler
                0x08000d40                WWDG_IRQHandler
                0x08000d40                TIM2_IRQHandler
                0x08000d40                OTG_FS_WKUP_IRQHandler
                0x08000d40                TIM1_TRG_COM_TIM11_IRQHandler
                0x08000d40                OTG_HS_IRQHandler
                0x08000d40                EXTI1_IRQHandler
                0x08000d40                USART2_IRQHandler
                0x08000d40                I2C2_ER_IRQHandler
                0x08000d40                DMA2_Stream1_IRQHandler
                0x08000d40                CAN1_SCE_IRQHandler
                0x08000d40                DMA2_Stream4_IRQHandler
                0x08000d40                BusFault_Handler
                0x08000d40                USART1_IRQHandler
                0x08000d40                OTG_FS_IRQHandler
                0x08000d40                SPI3_IRQHandler
                0x08000d40                DMA1_Stream4_IRQHandler
                0x08000d40                I2C1_ER_IRQHandler
                0x08000d40                DMA2_Stream6_IRQHandler
                0x08000d40                DMA1_Stream3_IRQHandler
 *fill*         0x08000d42        0x2 
 .text.__libc_init_array
                0x08000d44       0x48 C:/ST/STM32CubeIDE_1.17.0/STM32CubeIDE/plugins/com.st.stm32cube.ide.mcu.externaltools.gnu-tools-for-stm32.12.3.rel1.win32_1.1.0.202410251130/tools/bin/../lib/gcc/arm-none-eabi/12.3.1/../../../../arm-none-eabi/lib/thumb/v7e-m+fp/hard\libc_nano.a(libc_a-init.o)
                0x08000d44                __libc_init_array
 *(.glue_7)
 .glue_7        0x08000d8c        0x0 linker stubs
 *(.glue_7t)
 .glue_7t       0x08000d8c        0x0 linker stubs
 *(.eh_frame)
 .eh_frame      0x08000d8c        0x0 C:/ST/STM32CubeIDE_1.17.0/STM32CubeIDE/plugins/com.st.stm32cube.ide.mcu.externaltools.gnu-tools-for-stm32.12.3.rel1.win32_1.1.0.202410251130/tools/bin/../lib/gcc/arm-none-eabi/12.3.1/thumb/v7e-m+fp/hard/crtbegin.o
 *(.init)
 .init          0x08000d8c        0x4 C:/ST/STM32CubeIDE_1.17.0/STM32CubeIDE/plugins/com.st.stm32cube.ide.mcu.externaltools.gnu-tools-for-stm32.12.3.rel1.win32_1.1.0.202410251130/tools/bin/../lib/gcc/arm-none-eabi/12.3.1/thumb/v7e-m+fp/hard/crti.o
                0x08000d8c                _init
 .init          0x08000d90        0x8 C:/ST/STM32CubeIDE_1.17.0/STM32CubeIDE/plugins/com.st.stm32cube.ide.mcu.externaltools.gnu-tools-for-stm32.12.3.rel1.win32_1.1.0.202410251130/tools/bin/../lib/gcc/arm-none-eabi/12.3.1/thumb/v7e-m+fp/hard/crtn.o
 *(.fini)
 .fini          0x08000d98        0x4 C:/ST/STM32CubeIDE_1.17.0/STM32CubeIDE/plugins/com.st.stm32cube.ide.mcu.externaltools.gnu-tools-for-stm32.12.3.rel1.win32_1.1.0.202410251130/tools/bin/../lib/gcc/arm-none-eabi/12.3.1/thumb/v7e-m+fp/hard/crti.o
                0x08000d98                _fini
 .fini          0x08000d9c        0x8 C:/ST/STM32CubeIDE_1.17.0/STM32CubeIDE/plugins/com.st.stm32cube.ide.mcu.externaltools.gnu-tools-for-stm32.12.3.rel1.win32_1.1.0.202410251130/tools/bin/../lib/gcc/arm-none-eabi/12.3.1/thumb/v7e-m+fp/hard/crtn.o
                0x08000da4                        . = ALIGN (0x4)
                0x08000da4                        _etext = .

.vfp11_veneer   0x08000da4        0x0
 .vfp11_veneer  0x08000da4        0x0 linker stubs

.v4_bx          0x08000da4        0x0
 .v4_bx         0x08000da4        0x0 linker stubs

.iplt           0x08000da4        0x0
 .iplt          0x08000da4        0x0 C:/ST/STM32CubeIDE_1.17.0/STM32CubeIDE/plugins/com.st.stm32cube.ide.mcu.externaltools.gnu-tools-for-stm32.12.3.rel1.win32_1.1.0.202410251130/tools/bin/../lib/gcc/arm-none-eabi/12.3.1/thumb/v7e-m+fp/hard/crtbegin.o

.rodata         0x08000da4        0x0
                0x08000da4                        . = ALIGN (0x4)
 *(.rodata)
 *(.rodata*)
                0x08000da4                        . = ALIGN (0x4)

.ARM.extab      0x08000da4        0x0
                0x08000da4                        . = ALIGN (0x4)
 *(.ARM.extab* .gnu.linkonce.armextab.*)
                0x08000da4                        . = ALIGN (0x4)

.ARM            0x08000da4        0x0
                0x08000da4                        . = ALIGN (0x4)
                0x08000da4                        __exidx_start = .
 *(.ARM.exidx*)
                0x08000da4                        __exidx_end = .
                0x08000da4                        . = ALIGN (0x4)

.preinit_array  0x08000da4        0x0
                0x08000da4                        . = ALIGN (0x4)
                0x08000da4                        PROVIDE (__preinit_array_start = .)
 *(.preinit_array*)
                0x08000da4                        PROVIDE (__preinit_array_end = .)
                0x08000da4                        . = ALIGN (0x4)

.init_array     0x08000da4        0x4
                0x08000da4                        . = ALIGN (0x4)
                0x08000da4                        PROVIDE (__init_array_start = .)
 *(SORT_BY_NAME(.init_array.*))
 *(.init_array*)
 .init_array    0x08000da4        0x4 C:/ST/STM32CubeIDE_1.17.0/STM32CubeIDE/plugins/com.st.stm32cube.ide.mcu.externaltools.gnu-tools-for-stm32.12.3.rel1.win32_1.1.0.202410251130/tools/bin/../lib/gcc/arm-none-eabi/12.3.1/thumb/v7e-m+fp/hard/crtbegin.o
                0x08000da8                        PROVIDE (__init_array_end = .)
                0x08000da8                        . = ALIGN (0x4)

.fini_array     0x08000da8        0x4
                0x08000da8                        . = ALIGN (0x4)
                [!provide]                        PROVIDE (__fini_array_start = .)
 *(SORT_BY_NAME(.fini_array.*))
 *(.fini_array*)
 .fini_array    0x08000da8        0x4 C:/ST/STM32CubeIDE_1.17.0/STM32CubeIDE/plugins/com.st.stm32cube.ide.mcu.externaltools.gnu-tools-for-stm32.12.3.rel1.win32_1.1.0.202410251130/tools/bin/../lib/gcc/arm-none-eabi/12.3.1/thumb/v7e-m+fp/hard/crtbegin.o
                [!provide]                        PROVIDE (__fini_array_end = .)
                0x08000dac                        . = ALIGN (0x4)
                0x08000dac                        _sidata = LOADADDR (.data)

.rel.dyn        0x08000dac        0x0
 .rel.iplt      0x08000dac        0x0 C:/ST/STM32CubeIDE_1.17.0/STM32CubeIDE/plugins/com.st.stm32cube.ide.mcu.externaltools.gnu-tools-for-stm32.12.3.rel1.win32_1.1.0.202410251130/tools/bin/../lib/gcc/arm-none-eabi/12.3.1/thumb/v7e-m+fp/hard/crtbegin.o

.data           0x20000000       0x14 load address 0x08000dac
                0x20000000                        . = ALIGN (0x4)
                0x20000000                        _sdata = .
 *(.data)
 *(.data*)
 .data.AHB_PreScaler
                0x20000000       0x10 ./Drivers/Src/stm32f407xx_RCC_driver.o
                0x20000000                AHB_PreScaler
 .data.APB1_PreScaler
                0x20000010        0x4 ./Drivers/Src/stm32f407xx_RCC_driver.o
                0x20000010                APB1_PreScaler
 *(.RamFunc)
 *(.RamFunc*)
                0x20000014                        . = ALIGN (0x4)
                0x20000014                        _edata = .
                0x08000dc0                        _siccmram = LOADADDR (.ccmram)

.igot.plt       0x20000014        0x0 load address 0x08000dc0
 .igot.plt      0x20000014        0x0 C:/ST/STM32CubeIDE_1.17.0/STM32CubeIDE/plugins/com.st.stm32cube.ide.mcu.externaltools.gnu-tools-for-stm32.12.3.rel1.win32_1.1.0.202410251130/tools/bin/../lib/gcc/arm-none-eabi/12.3.1/thumb/v7e-m+fp/hard/crtbegin.o

.ccmram         0x10000000        0x0 load address 0x08000dc0
                0x10000000                        . = ALIGN (0x4)
                0x10000000                        _sccmram = .
 *(.ccmram)
 *(.ccmram*)
                0x10000000                        . = ALIGN (0x4)
                0x10000000                        _eccmram = .
                0x10000000                        . = ALIGN (0x4)

.bss            0x20000014      0x440
                0x20000014                        _sbss = .
                0x20000014                        __bss_start__ = _sbss
 *(.bss)
 .bss           0x20000014       0x1c C:/ST/STM32CubeIDE_1.17.0/STM32CubeIDE/plugins/com.st.stm32cube.ide.mcu.externaltools.gnu-tools-for-stm32.12.3.rel1.win32_1.1.0.202410251130/tools/bin/../lib/gcc/arm-none-eabi/12.3.1/thumb/v7e-m+fp/hard/crtbegin.o
 *(.bss*)
 .bss.USART1_Handle
                0x20000030       0x24 ./Src/USART/uart_tx.o
                0x20000030                USART1_Handle
 .bss.Data      0x20000054      0x400 ./Src/USART/uart_tx.o
                0x20000054                Data
 *(COMMON)
                0x20000454                        . = ALIGN (0x4)
                0x20000454                        _ebss = .
                0x20000454                        __bss_end__ = _ebss

._user_heap_stack
                0x20000454      0x604
                0x20000458                        . = ALIGN (0x8)
 *fill*         0x20000454        0x4 
                [!provide]                        PROVIDE (end = .)
                0x20000458                        PROVIDE (_end = .)
                0x20000658                        . = (. + _Min_Heap_Size)
 *fill*         0x20000458      0x200 
                0x20000a58                        . = (. + _Min_Stack_Size)
 *fill*         0x20000658      0x400 
                0x20000a58                        . = ALIGN (0x8)

/DISCARD/
 libc.a(*)
 libm.a(*)
 libgcc.a(*)

.ARM.attributes
                0x00000000       0x30
 *(.ARM.attributes)
 .ARM.attributes
                0x00000000       0x22 C:/ST/STM32CubeIDE_1.17.0/STM32CubeIDE/plugins/com.st.stm32cube.ide.mcu.externaltools.gnu-tools-for-stm32.12.3.rel1.win32_1.1.0.202410251130/tools/bin/../lib/gcc/arm-none-eabi/12.3.1/thumb/v7e-m+fp/hard/crti.o
 .ARM.attributes
                0x00000022       0x34 C:/ST/STM32CubeIDE_1.17.0/STM32CubeIDE/plugins/com.st.stm32cube.ide.mcu.externaltools.gnu-tools-for-stm32.12.3.rel1.win32_1.1.0.202410251130/tools/bin/../lib/gcc/arm-none-eabi/12.3.1/thumb/v7e-m+fp/hard/crtbegin.o
 .ARM.attributes
                0x00000056       0x34 ./Drivers/Src/stm32f407xx_RCC_driver.o
 .ARM.attributes
                0x0000008a       0x34 ./Drivers/Src/stm32f407xx_USART_driver.o
 .ARM.attributes
                0x000000be       0x34 ./Drivers/Src/stm32f407xx_gpio_driver.o
 .ARM.attributes
                0x000000f2       0x34 ./Src/USART/uart_tx.o
 .ARM.attributes
                0x00000126       0x21 ./Startup/startup_stm32f407vgtx.o
 .ARM.attributes
                0x00000147       0x34 C:/ST/STM32CubeIDE_1.17.0/STM32CubeIDE/plugins/com.st.stm32cube.ide.mcu.externaltools.gnu-tools-for-stm32.12.3.rel1.win32_1.1.0.202410251130/tools/bin/../lib/gcc/arm-none-eabi/12.3.1/../../../../arm-none-eabi/lib/thumb/v7e-m+fp/hard\libc_nano.a(libc_a-init.o)
 .ARM.attributes
                0x0000017b       0x22 C:/ST/STM32CubeIDE_1.17.0/STM32CubeIDE/plugins/com.st.stm32cube.ide.mcu.externaltools.gnu-tools-for-stm32.12.3.rel1.win32_1.1.0.202410251130/tools/bin/../lib/gcc/arm-none-eabi/12.3.1/thumb/v7e-m+fp/hard/crtn.o
OUTPUT(STM32_F407xx_CDD.elf elf32-littlearm)
LOAD linker stubs
LOAD C:/ST/STM32CubeIDE_1.17.0/STM32CubeIDE/plugins/com.st.stm32cube.ide.mcu.externaltools.gnu-tools-for-stm32.12.3.rel1.win32_1.1.0.202410251130/tools/bin/../lib/gcc/arm-none-eabi/12.3.1/../../../../arm-none-eabi/lib/thumb/v7e-m+fp/hard\libc.a
LOAD C:/ST/STM32CubeIDE_1.17.0/STM32CubeIDE/plugins/com.st.stm32cube.ide.mcu.externaltools.gnu-tools-for-stm32.12.3.rel1.win32_1.1.0.202410251130/tools/bin/../lib/gcc/arm-none-eabi/12.3.1/../../../../arm-none-eabi/lib/thumb/v7e-m+fp/hard\libm.a
LOAD C:/ST/STM32CubeIDE_1.17.0/STM32CubeIDE/plugins/com.st.stm32cube.ide.mcu.externaltools.gnu-tools-for-stm32.12.3.rel1.win32_1.1.0.202410251130/tools/bin/../lib/gcc/arm-none-eabi/12.3.1/thumb/v7e-m+fp/hard\libgcc.a

.debug_info     0x00000000     0x166d
 .debug_info    0x00000000      0x387 ./Drivers/Src/stm32f407xx_RCC_driver.o
 .debug_info    0x00000387      0x778 ./Drivers/Src/stm32f407xx_USART_driver.o
 .debug_info    0x00000aff      0x709 ./Drivers/Src/stm32f407xx_gpio_driver.o
 .debug_info    0x00001208      0x435 ./Src/USART/uart_tx.o
 .debug_info    0x0000163d       0x30 ./Startup/startup_stm32f407vgtx.o

.debug_abbrev   0x00000000      0x6a8
 .debug_abbrev  0x00000000      0x122 ./Drivers/Src/stm32f407xx_RCC_driver.o
 .debug_abbrev  0x00000122      0x222 ./Drivers/Src/stm32f407xx_USART_driver.o
 .debug_abbrev  0x00000344      0x1aa ./Drivers/Src/stm32f407xx_gpio_driver.o
 .debug_abbrev  0x000004ee      0x196 ./Src/USART/uart_tx.o
 .debug_abbrev  0x00000684       0x24 ./Startup/startup_stm32f407vgtx.o

.debug_aranges  0x00000000      0x180
 .debug_aranges
                0x00000000       0x30 ./Drivers/Src/stm32f407xx_RCC_driver.o
 .debug_aranges
                0x00000030       0x80 ./Drivers/Src/stm32f407xx_USART_driver.o
 .debug_aranges
                0x000000b0       0x70 ./Drivers/Src/stm32f407xx_gpio_driver.o
 .debug_aranges
                0x00000120       0x38 ./Src/USART/uart_tx.o
 .debug_aranges
                0x00000158       0x28 ./Startup/startup_stm32f407vgtx.o

.debug_rnglists
                0x00000000      0x113
 .debug_rnglists
                0x00000000       0x21 ./Drivers/Src/stm32f407xx_RCC_driver.o
 .debug_rnglists
                0x00000021       0x61 ./Drivers/Src/stm32f407xx_USART_driver.o
 .debug_rnglists
                0x00000082       0x53 ./Drivers/Src/stm32f407xx_gpio_driver.o
 .debug_rnglists
                0x000000d5       0x25 ./Src/USART/uart_tx.o
 .debug_rnglists
                0x000000fa       0x19 ./Startup/startup_stm32f407vgtx.o

.debug_macro    0x00000000     0x284c
 .debug_macro   0x00000000       0xc2 ./Drivers/Src/stm32f407xx_RCC_driver.o
 .debug_macro   0x000000c2      0xac0 ./Drivers/Src/stm32f407xx_RCC_driver.o
 .debug_macro   0x00000b82       0x22 ./Drivers/Src/stm32f407xx_RCC_driver.o
 .debug_macro   0x00000ba4       0x8e ./Drivers/Src/stm32f407xx_RCC_driver.o
 .debug_macro   0x00000c32       0x51 ./Drivers/Src/stm32f407xx_RCC_driver.o
 .debug_macro   0x00000c83      0x103 ./Drivers/Src/stm32f407xx_RCC_driver.o
 .debug_macro   0x00000d86       0x6a ./Drivers/Src/stm32f407xx_RCC_driver.o
 .debug_macro   0x00000df0      0x1df ./Drivers/Src/stm32f407xx_RCC_driver.o
 .debug_macro   0x00000fcf      0x7ca ./Drivers/Src/stm32f407xx_RCC_driver.o
 .debug_macro   0x00001799       0xc4 ./Drivers/Src/stm32f407xx_RCC_driver.o
 .debug_macro   0x0000185d      0x189 ./Drivers/Src/stm32f407xx_RCC_driver.o
 .debug_macro   0x000019e6       0xbe ./Drivers/Src/stm32f407xx_RCC_driver.o
 .debug_macro   0x00001aa4       0x9a ./Drivers/Src/stm32f407xx_RCC_driver.o
 .debug_macro   0x00001b3e      0x107 ./Drivers/Src/stm32f407xx_RCC_driver.o
 .debug_macro   0x00001c45       0xc8 ./Drivers/Src/stm32f407xx_USART_driver.o
 .debug_macro   0x00001d0d      0x101 ./Drivers/Src/stm32f407xx_USART_driver.o
 .debug_macro   0x00001e0e       0xc2 ./Drivers/Src/stm32f407xx_gpio_driver.o
 .debug_macro   0x00001ed0      0x196 ./Src/USART/uart_tx.o
 .debug_macro   0x00002066       0x61 ./Src/USART/uart_tx.o
 .debug_macro   0x000020c7       0x2a ./Src/USART/uart_tx.o
 .debug_macro   0x000020f1       0x43 ./Src/USART/uart_tx.o
 .debug_macro   0x00002134       0x34 ./Src/USART/uart_tx.o
 .debug_macro   0x00002168       0x16 ./Src/USART/uart_tx.o
 .debug_macro   0x0000217e       0x43 ./Src/USART/uart_tx.o
 .debug_macro   0x000021c1       0x34 ./Src/USART/uart_tx.o
 .debug_macro   0x000021f5       0x10 ./Src/USART/uart_tx.o
 .debug_macro   0x00002205       0x58 ./Src/USART/uart_tx.o
 .debug_macro   0x0000225d       0x8e ./Src/USART/uart_tx.o
 .debug_macro   0x000022eb       0x1c ./Src/USART/uart_tx.o
 .debug_macro   0x00002307      0x177 ./Src/USART/uart_tx.o
 .debug_macro   0x0000247e      0x369 ./Src/USART/uart_tx.o
 .debug_macro   0x000027e7       0x10 ./Src/USART/uart_tx.o
 .debug_macro   0x000027f7       0x35 ./Src/USART/uart_tx.o
 .debug_macro   0x0000282c       0x20 ./Src/USART/uart_tx.o

.debug_line     0x00000000     0x2238
 .debug_line    0x00000000      0x61b ./Drivers/Src/stm32f407xx_RCC_driver.o
 .debug_line    0x0000061b      0x9a3 ./Drivers/Src/stm32f407xx_USART_driver.o
 .debug_line    0x00000fbe      0xae5 ./Drivers/Src/stm32f407xx_gpio_driver.o
 .debug_line    0x00001aa3      0x71a ./Src/USART/uart_tx.o
 .debug_line    0x000021bd       0x7b ./Startup/startup_stm32f407vgtx.o

.debug_str      0x00000000     0xa54f
 .debug_str     0x00000000     0x6e5e ./Drivers/Src/stm32f407xx_RCC_driver.o
                               0x706b (size before relaxing)
 .debug_str     0x00006e5e      0x2c5 ./Drivers/Src/stm32f407xx_USART_driver.o
                               0x72a0 (size before relaxing)
 .debug_str     0x00007123      0x219 ./Drivers/Src/stm32f407xx_gpio_driver.o
                               0x7225 (size before relaxing)
 .debug_str     0x0000733c     0x31d4 ./Src/USART/uart_tx.o
                               0xa259 (size before relaxing)
 .debug_str     0x0000a510       0x3f ./Startup/startup_stm32f407vgtx.o
                                 0x97 (size before relaxing)

.comment        0x00000000       0x43
 .comment       0x00000000       0x43 ./Drivers/Src/stm32f407xx_RCC_driver.o
                                 0x44 (size before relaxing)
 .comment       0x00000043       0x44 ./Drivers/Src/stm32f407xx_USART_driver.o
 .comment       0x00000043       0x44 ./Drivers/Src/stm32f407xx_gpio_driver.o
 .comment       0x00000043       0x44 ./Src/USART/uart_tx.o

.debug_frame    0x00000000      0x50c
 .debug_frame   0x00000000       0x7c ./Drivers/Src/stm32f407xx_RCC_driver.o
 .debug_frame   0x0000007c      0x208 ./Drivers/Src/stm32f407xx_USART_driver.o
 .debug_frame   0x00000284      0x1c8 ./Drivers/Src/stm32f407xx_gpio_driver.o
 .debug_frame   0x0000044c       0x94 ./Src/USART/uart_tx.o
 .debug_frame   0x000004e0       0x2c C:/ST/STM32CubeIDE_1.17.0/STM32CubeIDE/plugins/com.st.stm32cube.ide.mcu.externaltools.gnu-tools-for-stm32.12.3.rel1.win32_1.1.0.202410251130/tools/bin/../lib/gcc/arm-none-eabi/12.3.1/../../../../arm-none-eabi/lib/thumb/v7e-m+fp/hard\libc_nano.a(libc_a-init.o)

.debug_line_str
                0x00000000       0x7b
 .debug_line_str
                0x00000000       0x7b ./Startup/startup_stm32f407vgtx.o
