../Drivers/Src/stm32f407xx_USART_driver.c:22:6:USART_PeriClockControl	16	static
../Drivers/Src/stm32f407xx_USART_driver.c:78:6:USART_PeripheralControl	16	static
../Drivers/Src/stm32f407xx_USART_driver.c:104:9:USART_GetFlagStatus	24	static
../Drivers/Src/stm32f407xx_USART_driver.c:135:6:USART_ClearFlag	16	static
../Drivers/Src/stm32f407xx_USART_driver.c:154:6:USART_IRQPriorityConfig	24	static
../Drivers/Src/stm32f407xx_USART_driver.c:180:6:USART_IRQInterruptConfig	16	static
../Drivers/Src/stm32f407xx_USART_driver.c:237:6:USART_Init	24	static
../Drivers/Src/stm32f407xx_USART_driver.c:345:6:USART_DeInit	16	static
../Drivers/Src/stm32f407xx_USART_driver.c:385:6:USART_SendData	32	static
../Drivers/Src/stm32f407xx_USART_driver.c:449:6:USART_ReceiveData	32	static
../Drivers/Src/stm32f407xx_USART_driver.c:513:9:USART_SendDataIT	32	static
../Drivers/Src/stm32f407xx_USART_driver.c:547:9:USART_ReceiveDataIT	32	static
../Drivers/Src/stm32f407xx_USART_driver.c:582:6:USART_SetBaudRate	40	static
../Drivers/Src/stm32f407xx_USART_driver.c:659:6:USART_IRQHandling	32	static
